{
    "templateType": "SO_ME",
    "marketMetadata": {
        "objectName": "#(TCMetadata.InputMetadata.Country)",
        "objectId": "#notnull",
        "objectType": "collections"
    },
    "technicalMetadata": {
        "data": {
            "Format": "MPEG-4|AVC|AAC",
            "Approved": "##notnull",
            "Duration": "#notnull",
            "Height": "#notnull",
            "Width": "#notnull",
            "FileSize": "#notnull"
        },
        "name": "Asset Metadata",
        "objectName": "#(TCMetadata.IconikMetadata.IconikSourceAssetName)",
        "ID": "#notnull",
        "objectId": "#(TCMetadata.IconikMetadata.IconikAssetId)",
        "objectType": "assets"
    },
    "modifiedAt": "#notnull",
    "userName": "#(TCMetadata.Config.DynamoDBConfig.Username[TCMetadata.Config.IconikConfig.TestUser])",
    "iconikUserName": "#(TCMetadata.Config.IconikConfig.TestUser)",
    "assetMetadata": {
        "data": {
            "dplus-some-AspectRatio": "#(TCMetadata.InputMetadata.DBAspectRatios)",
            "dplus-some-CustomTitle": "#(TCMetadata.InputMetadata.CustomTitle)",
            "dplus-some-CustomCTA": "#(TCMetadata.InputMetadata.CustomStrapOutroCTA != null?TCMetadata.InputMetadata.CustomStrapOutroCTA: '#null')",
            "dplus-some-LegalText": "#(TCMetadata.InputMetadata.LegalText)",
            "dplus-some-PromotionalLine": "#(TCMetadata.InputMetadata.PromotionalLine)",
            "dplus-some-StrapType": "#(TCMetadata.InputMetadata.StrapTypes)",
            "dplus-some-StrapInTime": "#(TCMetadata.InputMetadata.StrapInTime)",
            "dplus-some-Original": "#(TCMetadata.InputMetadata.Original)",
            "dplus-some-StrapOutTime": "#(TCMetadata.InputMetadata.StrapOutTime)",
            "dplus-some-ColourScheme": "#(TCMetadata.InputMetadata.ColourSchemes)",
            "dplus-some-TitleCardType": "#(TCMetadata.InputMetadata.TitleCardTypes)",
            "nl-dplus-some-CTA": "#(TCMetadata.InputMetadata.SomeCTA != null?TCMetadata.InputMetadata.SomeCTA: '#null')"
        },
        "name": "#(TCMetadata.IconikMetadata.IconikMetadataViewName)",
        "objectName": "#(TCMetadata.IconikMetadata.IconikSourceAssetName)",
        "ID": "#(TCMetadata.IconikMetadata.IconikCustomActionMetadataView)",
        "objectId": "#(TCMetadata.IconikMetadata.IconikAssetId)",
        "objectType": "assets"
    },
    "assetType": "#(TCMetadata.IconikMetadata.IconikAssetType)",
    "market": "#(TCMetadata.InputMetadata.Country.toUpperCase())",
    "createdAt": "#notnull",
    "onlyNoTagRequired": 0,
    "mediaAssetCollectionId": "#notnull",
    "seasonMetadata": {
        "objectName": "#notnull",
        "objectId": "#notnull",
        "objectType": "collections"
    },
    "createdBy": "#notnull",
    "assetId": "#(TCMetadata.IconikMetadata.IconikAssetId)",
    "compositeViewsId": "#(TCMetadata.IconikMetadata.IconikCustomActionMetadataView)",
    "assetTitle": "#(TCMetadata.IconikMetadata.IconikSourceAssetName)",
    "modifiedBy": "#notnull",
    "outputCollectionId": "#notnull",
    "seriesMetadata": {
        "objectName": "#notnull",
        "objectId": "#notnull",
        "objectType": "collections"
    }
}